Microchip MPLAB XC8 Compiler V2.41

Linker command line:

-W-3 \
  --edf=C:/Program Files/Microchip/MPLABX/v6.10/packs/Microchip/PIC18Fxxxx_DFP/1.4.151/xc8\pic\dat\20230323171731_en.msgs \
  -cn -h+dist/default/debug\test4550.X.debug.sym \
  --cmf=dist/default/debug\test4550.X.debug.cmf -z -Q18F4550 \
  -oC:\Users\bille\AppData\Local\Temp\xcBs2ag.1\driver_tmp_3.o \
  --defsym=__MPLAB_BUILD=1 --fixupoverflow=error \
  -Mdist/default/debug/test4550.X.debug.map \
  --md=C:\Users\bille\AppData\Local\Temp\xcBs2ag.1\driver_tmp_0.dat -E1 \
  -ver=XC8 Compiler --acfsm=1493 -ACODE=00h-07DBFh -ACONST=00h-07DBFh \
  -ASMALLCONST=0800h-08FFhx117,07D00h-07DBFh -AMEDIUMCONST=0800h-07DBFh \
  -ACOMRAM=01h-05Fh -AABS1=00h-03F3h,0400h-07FFh \
  -ABIGRAM=01h-03F3h,0400h-07FFh \
  -ARAM=060h-0FFh,0100h-01FFhx2,0300h-03F3h,0400h-04FFhx4 -ABANK0=060h-0FFh \
  -ABANK1=0100h-01FFh -ABANK2=0200h-02FFh -ABANK3=0300h-03F3h \
  -ABANK4=0400h-04FFh -ABANK5=0500h-05FFh -ABANK6=0600h-06FFh \
  -ABANK7=0700h-07FFh \
  -ASFR=0F60h-0F9Bh,0F9Dh-0FD3h,0FD5h-0FDAh,0FE0h-0FE2h,0FE8h-0FEAh,0FF0h-0FFCh \
  -ABIGSFR=0F60h-0F9Bh,0F9Dh-0FD3h,0FD5h-0FDAh,0FE0h-0FE2h,0FE8h-0FEAh,0FF0h-0FFCh \
  -ACONFIG=0300000h-030000Dh -AIDLOC=0200000h-0200007h \
  -AEEDATA=0F00000h-0F000FFh -peeprom_data=EEDATA \
  -preset_vec=00h,intcode,intcodelo=018h,powerup,init -pramtop=0800h \
  -psmallconst=SMALLCONST -pmediumconst=MEDIUMCONST -pconst=CONST \
  -AFARRAM=00h-00h \
  -prdata=COMRAM,nvrram=COMRAM,nvbit=COMRAM,rbss=COMRAM,rbit=COMRAM \
  -pfarbss=FARRAM,fardata=FARRAM,nvFARRAM=FARRAM \
  -pintsave_regs=BIGRAM,bigbss=BIGRAM,bigdata=BIGRAM -pbss=RAM \
  -pidata=CODE,irdata=CODE,ibigdata=CODE,ifardata=CODE -prparam=COMRAM \
  dist/default/debug\startup.o dist/default/debug\test4550.X.debug.o 

Object code version is 3.11

Machine type is 18F4550



                Name                               Link     Load   Length Selector   Space Scale
dist/default/debug\startup.o
                config                           300000   300000        E        0       4
                init                                 3E       3E        4        C       0
                reset_vec                             0        0        4        0       0
dist/default/debug\test4550.X.debug.o
                intcodelo                            18       18       26        C       0
                config                           300000   300000        E        0       4
                temp                                 5C       5C        1        1       1
                smallconst                          800      800       38      400       0
                text48                             36BC     36BC       28      41C       0
                text47                             33BE     33BE       5A      41C       0
                text45                             3764     3764       14      41C       0
                text44                             2DAA     2DAA      104      41C       0
                text43                             1240     1240      4C0      41C       0
                text42                             3510     3510       46      41C       0
                text41                             29FA     29FA      1A4      41C       0
                text40                             3750     3750       14      41C       0
                text39                             1700     1700      42A      41C       0
                text38                             2846     2846      1B4      41C       0
                text37                             3418     3418       58      41C       0
                text36                             37C0     37C0       12      41C       0
                text35                             359A     359A       44      41C       0
                text34                             37EC     37EC        8      41C       0
                text33                             1B2A     1B2A      39A      41C       0
                text32                             2CA4     2CA4      106      41C       0
                text31                             1EC4     1EC4      324      41C       0
                text30                             37AE     37AE       12      41C       0
                text29                             37FC     37FC        2      41C       0
                text28                             379C     379C       12      41C       0
                text27                             37FA     37FA        2      41C       0
                text26                             37E4     37E4        8      41C       0
                text25                             378A     378A       12      41C       0
                text24                             3778     3778       12      41C       0
                text23                             313C     313C       AA      41C       0
                text22                             361E     361E       38      41C       0
                text21                             2EAE     2EAE       FE      41C       0
                text20                             2474     2474      212      41C       0
                text19                             32F6     32F6       66      41C       0
                text18                             34C0     34C0       50      41C       0
                text17                             37F8     37F8        2      41C       0
                text16                             2FAC     2FAC       CA      41C       0
                text15                             3556     3556       44      41C       0
                text14                             3656     3656       36      41C       0
                text13                             31E6     31E6       92      41C       0
                text12                             35DE     35DE       40      41C       0
                text11                              838      838      A08      41C       0
                text10                             370A     370A       26      41C       0
                text9                              3076     3076       C6      41C       0
                text8                              21E8     21E8      28C      41C       0
                text7                              335C     335C       62      41C       0
                text6                              2B9E     2B9E      106      41C       0
                text5                              37D2     37D2        A      41C       0
                text4                              3470     3470       50      41C       0
                text3                              368C     368C       30      41C       0
                text2                              36E4     36E4       26      41C       0
                text1                              3730     3730       20      41C       0
                text0                              2686     2686      1C0      41C       0
                cstackCOMRAM                          1        1       57        1       1
                cstackBANK0                          60       60       69       60       1
                cstackBANK1                         154      154       43      100       1
                dataBANK1                           197      197        4      100       1
                bssBANK1                            100      100       54      100       1
                dataBANK0                            F6       F6        8       60       1
                bssBANK0                             C9       C9       2D       60       1
                dataCOMRAM                           5B       5B        1        1       1
                bssCOMRAM                            58       58        3        1       1
                cinit                              3278     3278       7E      41C       0
                idataBANK1                         37F4     37F4        4      41C       0
                idataBANK0                         37DC     37DC        8      41C       0
                idataCOMRAM                        37FE     37FE        1      41C       0

TOTAL           Name                               Link     Load   Length     Space
        CLASS   CODE           
                intcodelo                            18       18       26         0
                init                                 3E       3E        4         0
                reset_vec                             0        0        4         0
                text48                             36BC     36BC       28         0
                text47                             33BE     33BE       5A         0
                text45                             3764     3764       14         0
                text44                             2DAA     2DAA      104         0
                text43                             1240     1240      4C0         0
                text42                             3510     3510       46         0
                text41                             29FA     29FA      1A4         0
                text40                             3750     3750       14         0
                text39                             1700     1700      42A         0
                text38                             2846     2846      1B4         0
                text37                             3418     3418       58         0
                text36                             37C0     37C0       12         0
                text35                             359A     359A       44         0
                text34                             37EC     37EC        8         0
                text33                             1B2A     1B2A      39A         0
                text32                             2CA4     2CA4      106         0
                text31                             1EC4     1EC4      324         0
                text30                             37AE     37AE       12         0
                text29                             37FC     37FC        2         0
                text28                             379C     379C       12         0
                text27                             37FA     37FA        2         0
                text26                             37E4     37E4        8         0
                text25                             378A     378A       12         0
                text24                             3778     3778       12         0
                text23                             313C     313C       AA         0
                text22                             361E     361E       38         0
                text21                             2EAE     2EAE       FE         0
                text20                             2474     2474      212         0
                text19                             32F6     32F6       66         0
                text18                             34C0     34C0       50         0
                text17                             37F8     37F8        2         0
                text16                             2FAC     2FAC       CA         0
                text15                             3556     3556       44         0
                text14                             3656     3656       36         0
                text13                             31E6     31E6       92         0
                text12                             35DE     35DE       40         0
                text11                              838      838      A08         0
                text10                             370A     370A       26         0
                text9                              3076     3076       C6         0
                text8                              21E8     21E8      28C         0
                text7                              335C     335C       62         0
                text6                              2B9E     2B9E      106         0
                text5                              37D2     37D2        A         0
                text4                              3470     3470       50         0
                text3                              368C     368C       30         0
                text2                              36E4     36E4       26         0
                text1                              3730     3730       20         0
                text0                              2686     2686      1C0         0
                cinit                              3278     3278       7E         0
                idataBANK1                         37F4     37F4        4         0
                idataBANK0                         37DC     37DC        8         0
                idataCOMRAM                        37FE     37FE        1         0

        CLASS   CONST          

        CLASS   SMALLCONST     
                smallconst                          800      800       38         0

        CLASS   MEDIUMCONST    

        CLASS   COMRAM         
                temp                                 5C       5C        1         1
                cstackCOMRAM                          1        1       57         1
                dataCOMRAM                           5B       5B        1         1
                bssCOMRAM                            58       58        3         1

        CLASS   ABS1           

        CLASS   BIGRAM         

        CLASS   RAM            

        CLASS   BANK0          
                cstackBANK0                          60       60       69         1
                dataBANK0                            F6       F6        8         1
                bssBANK0                             C9       C9       2D         1

        CLASS   BANK1          
                cstackBANK1                         154      154       43         1
                dataBANK1                           197      197        4         1
                bssBANK1                            100      100       54         1

        CLASS   BANK2          

        CLASS   BANK3          

        CLASS   BANK4          

        CLASS   BANK5          

        CLASS   BANK6          

        CLASS   BANK7          

        CLASS   SFR            

        CLASS   BIGSFR         

        CLASS   CONFIG         
                config                           300000   300000        E         4

        CLASS   IDLOC          

        CLASS   EEDATA         

        CLASS   FARRAM         

        CLASS   HEAP           

        CLASS   STACK          



SEGMENTS        Name                           Load    Length   Top    Selector   Space  Class

                reset_vec                      000000  000004  000004         0       0  CODE    
                cstackCOMRAM                   000001  00005C  00005D         1       1  COMRAM  
                intcodelo                      000018  00002A  000042         C       0  CODE    
                cstackBANK0                    000060  00009E  0000FE        60       1  BANK0   
                bssBANK1                       000100  00009B  00019B       100       1  BANK1   
                smallconst                     000800  000038  000838       400       0  SMALLCON
                text11                         000838  002FC7  0037FF       41C       0  CODE    


UNUSED ADDRESS RANGES

        Name                Unused          Largest block    Delta
        BANK0            0000FE-0000FF                2
        BANK1            00019B-0001FF               65
        BANK2            000200-0002FF              100
        BANK3            000300-0003F3               F4
        BANK4            000400-0004FF              100
        BANK5            000500-0005FF              100
        BANK6            000600-0006FF              100
        BANK7            000700-0007FF              100
        BIGRAM           00005D-00005F                3
                         0000FE-0000FF                2
                         00019B-0003F3              259
                         000400-0007FF              400
        BIGSFR           000F60-000F9B               3C
                         000F9D-000FD3               37
                         000FD5-000FDA                6
                         000FE0-000FE2                3
                         000FE8-000FEA                3
                         000FF0-000FFC                D
        CODE             000004-000017               14
                         000042-0007FF              7BE
                         0037FF-007DBF             45C1
        COMRAM           00005D-00005F                3
        CONST            000004-000017               14
                         000042-0007FF              7BE
                         0037FF-007DBF             45C1
        EEDATA           F00000-F000FF              100
        IDLOC            200000-200007                8
        MEDIUMCONST      0037FF-007DBF             45C1
        RAM              0000FE-0000FF                2
                         00019B-0003F3              100
                         000400-0007FF              100
        SFR              000F60-000F9B               3C
                         000F9D-000FD3               37
                         000FD5-000FDA                6
                         000FE0-000FE2                3
                         000FE8-000FEA                3
                         000FF0-000FFC                D
        SMALLCONST       0037FF-007DBF              100

                                  Symbol Table

?___fladd                                   cstackCOMRAM 00001D
?___fldiv                                   cstackCOMRAM 000004
?___flmul                                   cstackCOMRAM 00002D
?___flneg                                   cstackCOMRAM 000004
?___flsub                                   cstackCOMRAM 000046
?___fltol                                   cstackCOMRAM 000004
?___fpclassifyf                             cstackCOMRAM 000004
?___wmul                                    cstackCOMRAM 000004
?___xxtofl                                  cstackCOMRAM 000004
?_efgtoa                                    cstackBANK0  000060
?_floorf                                    cstackCOMRAM 00001D
?_io_get_cautin_temperature_from_ADC        cstackCOMRAM 000046
?_io_get_setpoint_from_ENCODER              cstackCOMRAM 000004
?_labs                                      cstackCOMRAM 000004
?_pad                                       cstackCOMRAM 000014
?_pid_get_setpoint                          cstackCOMRAM 000004
?_read_prec_or_width                        cstackCOMRAM 00000A
?_snprintf                                  cstackBANK0  0000A6
?_strlen                                    cstackCOMRAM 000004
?_systimer_get_ms                           cstackCOMRAM 000004
?_vfpfcnvrt                                 cstackBANK0  000093
?_vfprintf                                  cstackBANK0  0000A0
_ADCON0                                     (abs)        000FC2
_ADCON0bits                                 (abs)        000FC2
_ADCON1bits                                 (abs)        000FC1
_ADCON2bits                                 (abs)        000FC0
_ADRES                                      (abs)        000FC3
_INTCONbits                                 (abs)        000FF2
_ISR_TIMER_0                                text48       0036BC
_ISR_TIMER_1                                text47       0033BE
_LATCbits                                   (abs)        000F8B
_LATDbits                                   (abs)        000F8C
_PIE1bits                                   (abs)        000F9D
_PIR1bits                                   (abs)        000F9E
_PORTAbits                                  (abs)        000F80
_PORTB                                      (abs)        000F81
_PORTBbits                                  (abs)        000F81
_PORTCbits                                  (abs)        000F82
_T0CONbits                                  (abs)        000FD5
_T1CONbits                                  (abs)        000FCD
_TMR0                                       (abs)        000FD6
_TMR1                                       (abs)        000FCE
_TRISAbits                                  (abs)        000F92
_TRISBbits                                  (abs)        000F93
_TRISCbits                                  (abs)        000F94
_TRISDbits                                  (abs)        000F95
__HRAM                                      (abs)        000000
__H__absolute__                             __absolute__ 000000
__Habs1                                     abs1         000000
__Hbank0                                    bank0        000000
__Hbank1                                    bank1        000000
__Hbank2                                    bank2        000000
__Hbank3                                    bank3        000000
__Hbank4                                    bank4        000000
__Hbank5                                    bank5        000000
__Hbank6                                    bank6        000000
__Hbank7                                    bank7        000000
__Hbigbss                                   bigbss       000000
__Hbigdata                                  bigdata      000000
__Hbigram                                   bigram       000000
__Hbigsfr                                   bigsfr       000000
__Hbss                                      bss          000000
__HbssBANK0                                 bssBANK0     000000
__HbssBANK1                                 bssBANK1     000000
__HbssCOMRAM                                bssCOMRAM    000000
__Hcinit                                    cinit        000000
__Hclrtext                                  clrtext      000000
__Hcomram                                   comram       000000
__Hconfig                                   config       30000E
__Hconst                                    const        000000
__HcstackBANK0                              cstackBANK0  000000
__HcstackBANK1                              cstackBANK1  000000
__HcstackCOMRAM                             cstackCOMRAM 000000
__Hdata                                     data         000000
__HdataBANK0                                dataBANK0    000000
__HdataBANK1                                dataBANK1    000000
__HdataCOMRAM                               dataCOMRAM   000000
__Heeprom_data                              eeprom_data  000000
__Hfarbss                                   farbss       000000
__Hfardata                                  fardata      000000
__Hheap                                     heap         000000
__Hibigdata                                 ibigdata     000000
__Hidata                                    idata        000000
__HidataBANK0                               idataBANK0   000000
__HidataBANK1                               idataBANK1   000000
__HidataCOMRAM                              idataCOMRAM  000000
__Hidloc                                    idloc        000000
__Hifardata                                 ifardata     000000
__Hinit                                     init         000042
__Hintcode                                  intcode      000004
__Hintcode_body                             intcode_body 000000
__Hintcodelo                                intcodelo    00003E
__Hintentry                                 intentry     000000
__Hintret                                   intret       000000
__Hintsave_regs                             intsave_regs 000000
__Hirdata                                   irdata       000000
__Hmediumconst                              mediumconst  000000
__HnvFARRAM                                 nvFARRAM     000000
__Hnvbit                                    nvbit        000000
__Hnvrram                                   nvrram       000000
__Hparam                                    rparam       000000
__Hpowerup                                  powerup      00003E
__Hram                                      ram          000000
__Hramtop                                   ramtop       000800
__Hrbit                                     rbit         000000
__Hrbss                                     rbss         000000
__Hrdata                                    rdata        000000
__Hreset_vec                                reset_vec    000004
__Hrparam                                   rparam       000000
__Hsfr                                      sfr          000000
__Hsmallconst                               smallconst   000838
__Hspace_0                                  (abs)        0037FF
__Hspace_1                                  (abs)        00019B
__Hspace_2                                  (abs)        000000
__Hspace_4                                  (abs)        60000E
__Hstack                                    stack        000000
__Hstruct                                   struct       000000
__Htemp                                     temp         00005D
__Htext                                     text         000000
__Htext0                                    text0        000000
__Htext1                                    text1        000000
__Htext10                                   text10       000000
__Htext11                                   text11       000000
__Htext12                                   text12       000000
__Htext13                                   text13       000000
__Htext14                                   text14       000000
__Htext15                                   text15       000000
__Htext16                                   text16       000000
__Htext17                                   text17       000000
__Htext18                                   text18       000000
__Htext19                                   text19       000000
__Htext2                                    text2        000000
__Htext20                                   text20       000000
__Htext21                                   text21       000000
__Htext22                                   text22       000000
__Htext23                                   text23       000000
__Htext24                                   text24       000000
__Htext25                                   text25       000000
__Htext26                                   text26       000000
__Htext27                                   text27       000000
__Htext28                                   text28       000000
__Htext29                                   text29       000000
__Htext3                                    text3        000000
__Htext30                                   text30       000000
__Htext31                                   text31       000000
__Htext32                                   text32       000000
__Htext33                                   text33       000000
__Htext34                                   text34       000000
__Htext35                                   text35       000000
__Htext36                                   text36       000000
__Htext37                                   text37       000000
__Htext38                                   text38       000000
__Htext39                                   text39       000000
__Htext4                                    text4        000000
__Htext40                                   text40       000000
__Htext41                                   text41       000000
__Htext42                                   text42       000000
__Htext43                                   text43       000000
__Htext44                                   text44       000000
__Htext45                                   text45       000000
__Htext47                                   text47       000000
__Htext48                                   text48       000000
__Htext5                                    text5        000000
__Htext6                                    text6        000000
__Htext7                                    text7        000000
__Htext8                                    text8        000000
__Htext9                                    text9        000000
__LRAM                                      (abs)        000001
__L__absolute__                             __absolute__ 000000
__Labs1                                     abs1         000000
__Lbank0                                    bank0        000000
__Lbank1                                    bank1        000000
__Lbank2                                    bank2        000000
__Lbank3                                    bank3        000000
__Lbank4                                    bank4        000000
__Lbank5                                    bank5        000000
__Lbank6                                    bank6        000000
__Lbank7                                    bank7        000000
__Lbigbss                                   bigbss       000000
__Lbigdata                                  bigdata      000000
__Lbigram                                   bigram       000000
__Lbigsfr                                   bigsfr       000000
__Lbss                                      bss          000000
__LbssBANK0                                 bssBANK0     000000
__LbssBANK1                                 bssBANK1     000000
__LbssCOMRAM                                bssCOMRAM    000000
__Lcinit                                    cinit        000000
__Lclrtext                                  clrtext      000000
__Lcomram                                   comram       000000
__Lconfig                                   config       000000
__Lconst                                    const        000000
__LcstackBANK0                              cstackBANK0  000000
__LcstackBANK1                              cstackBANK1  000000
__LcstackCOMRAM                             cstackCOMRAM 000000
__Ldata                                     data         000000
__LdataBANK0                                dataBANK0    000000
__LdataBANK1                                dataBANK1    000000
__LdataCOMRAM                               dataCOMRAM   000000
__Leeprom_data                              eeprom_data  000000
__Lfarbss                                   farbss       000000
__Lfardata                                  fardata      000000
__Lheap                                     heap         000000
__Libigdata                                 ibigdata     000000
__Lidata                                    idata        000000
__LidataBANK0                               idataBANK0   000000
__LidataBANK1                               idataBANK1   000000
__LidataCOMRAM                              idataCOMRAM  000000
__Lidloc                                    idloc        000000
__Lifardata                                 ifardata     000000
__Linit                                     init         00003E
__Lintcode                                  intcode      000004
__Lintcode_body                             intcode_body 000000
__Lintcodelo                                intcodelo    000018
__Lintentry                                 intentry     000000
__Lintret                                   intret       000000
__Lintsave_regs                             intsave_regs 000000
__Lirdata                                   irdata       000000
__Lmediumconst                              mediumconst  000000
__LnvFARRAM                                 nvFARRAM     000000
__Lnvbit                                    nvbit        000000
__Lnvrram                                   nvrram       000000
__Lparam                                    rparam       000000
__Lpowerup                                  powerup      00003E
__Lram                                      ram          000000
__Lramtop                                   ramtop       000800
__Lrbit                                     rbit         000000
__Lrbss                                     rbss         000000
__Lrdata                                    rdata        000000
__Lreset_vec                                reset_vec    000000
__Lrparam                                   rparam       000000
__Lsfr                                      sfr          000000
__Lsmallconst                               smallconst   000800
__Lspace_0                                  (abs)        000000
__Lspace_1                                  (abs)        000000
__Lspace_2                                  (abs)        000000
__Lspace_4                                  (abs)        000000
__Lstack                                    stack        000000
__Lstruct                                   struct       000000
__Ltemp                                     temp         00005C
__Ltext                                     text         000000
__Ltext0                                    text0        000000
__Ltext1                                    text1        000000
__Ltext10                                   text10       000000
__Ltext11                                   text11       000000
__Ltext12                                   text12       000000
__Ltext13                                   text13       000000
__Ltext14                                   text14       000000
__Ltext15                                   text15       000000
__Ltext16                                   text16       000000
__Ltext17                                   text17       000000
__Ltext18                                   text18       000000
__Ltext19                                   text19       000000
__Ltext2                                    text2        000000
__Ltext20                                   text20       000000
__Ltext21                                   text21       000000
__Ltext22                                   text22       000000
__Ltext23                                   text23       000000
__Ltext24                                   text24       000000
__Ltext25                                   text25       000000
__Ltext26                                   text26       000000
__Ltext27                                   text27       000000
__Ltext28                                   text28       000000
__Ltext29                                   text29       000000
__Ltext3                                    text3        000000
__Ltext30                                   text30       000000
__Ltext31                                   text31       000000
__Ltext32                                   text32       000000
__Ltext33                                   text33       000000
__Ltext34                                   text34       000000
__Ltext35                                   text35       000000
__Ltext36                                   text36       000000
__Ltext37                                   text37       000000
__Ltext38                                   text38       000000
__Ltext39                                   text39       000000
__Ltext4                                    text4        000000
__Ltext40                                   text40       000000
__Ltext41                                   text41       000000
__Ltext42                                   text42       000000
__Ltext43                                   text43       000000
__Ltext44                                   text44       000000
__Ltext45                                   text45       000000
__Ltext47                                   text47       000000
__Ltext48                                   text48       000000
__Ltext5                                    text5        000000
__Ltext6                                    text6        000000
__Ltext7                                    text7        000000
__Ltext8                                    text8        000000
__Ltext9                                    text9        000000
__S0                                        (abs)        0037FF
__S1                                        (abs)        00019B
__S4                                        (abs)        000000
__S5                                        (abs)        000000
___fladd                                    text43       001240
___fladd@a                                  cstackCOMRAM 000021
___fladd@aexp                               cstackCOMRAM 00002A
___fladd@b                                  cstackCOMRAM 00001D
___fladd@bexp                               cstackCOMRAM 00002B
___fladd@grs                                cstackCOMRAM 00002C
___fladd@signs                              cstackCOMRAM 000029
___fldiv                                    text33       001B2A
___fldiv@a                                  cstackCOMRAM 000008
___fldiv@aexp                               cstackCOMRAM 00001C
___fldiv@b                                  cstackCOMRAM 000004
___fldiv@bexp                               cstackCOMRAM 00001B
___fldiv@grs                                cstackCOMRAM 000017
___fldiv@new_exp                            cstackCOMRAM 000015
___fldiv@rem                                cstackCOMRAM 000010
___fldiv@sign                               cstackCOMRAM 000014
___fleq                                     text23       00313C
___fleq@ff1                                 cstackCOMRAM 000004
___fleq@ff2                                 cstackCOMRAM 000008
___flge                                     text44       002DAA
___flge@ff1                                 cstackCOMRAM 000046
___flge@ff2                                 cstackCOMRAM 00004A
___flmul                                    text39       001700
___flmul@a                                  cstackCOMRAM 000031
___flmul@aexp                               cstackCOMRAM 00003A
___flmul@b                                  cstackCOMRAM 00002D
___flmul@bexp                               cstackCOMRAM 00003F
___flmul@grs                                cstackCOMRAM 00003B
___flmul@prod                               cstackCOMRAM 000040
___flmul@sign                               cstackCOMRAM 000039
___flmul@temp                               cstackCOMRAM 000044
___flneg                                    text22       00361E
___flneg@f1                                 cstackCOMRAM 000004
___flsub                                    text42       003510
___flsub@a                                  cstackCOMRAM 00004A
___flsub@b                                  cstackCOMRAM 000046
___fltol                                    text32       002CA4
___fltol@exp1                               cstackCOMRAM 00000D
___fltol@f1                                 cstackCOMRAM 000004
___fltol@sign1                              cstackCOMRAM 00000C
___fpclassifyf                              text21       002EAE
___fpclassifyf@F465                         bssBANK0     0000CD
___fpclassifyf@e                            cstackCOMRAM 00000C
___fpclassifyf@u                            cstackCOMRAM 00000E
___fpclassifyf@x                            cstackCOMRAM 000004
___heap_hi                                  (abs)        000000
___heap_lo                                  (abs)        000000
___inthi_sp                                 stack        000000
___intlo_sp                                 stack        000000
___param_bank                               (abs)        000000
___rparam_used                              (abs)        000001
___sp                                       stack        000000
___wmul                                     text10       00370A
___wmul@multiplicand                        cstackCOMRAM 000006
___wmul@multiplier                          cstackCOMRAM 000004
___wmul@product                             cstackCOMRAM 000008
___xxtofl                                   text38       002846
___xxtofl@arg                               cstackCOMRAM 00000E
___xxtofl@exp                               cstackCOMRAM 00000D
___xxtofl@sign                              cstackCOMRAM 00000C
___xxtofl@val                               cstackCOMRAM 000004
__accesstop                                 (abs)        000060
__activetblptr                              (abs)        000002
__end_of_ISR_TIMER_0                        text48       0036E4
__end_of_ISR_TIMER_1                        text47       003418
__end_of___fladd                            text43       001700
__end_of___fldiv                            text33       001EC4
__end_of___fleq                             text23       0031E6
__end_of___flge                             text44       002EAE
__end_of___flmul                            text39       001B2A
__end_of___flneg                            text22       003656
__end_of___flsub                            text42       003556
__end_of___fltol                            text32       002DAA
__end_of___fpclassifyf                      text21       002FAC
__end_of___wmul                             text10       003730
__end_of___xxtofl                           text38       0029FA
__end_of__initialization                    cinit        0032E8
__end_of_bit_lenght                         smallconst   000802
__end_of_bittime_us                         smallconst   000803
__end_of_efgtoa                             text11       001240
__end_of_floorf                             text20       002686
__end_of_fputc                              text16       003076
__end_of_fputs                              text15       00359A
__end_of_io_encoder_button_is_pressed       text45       003778
__end_of_io_encoder_loop                    text41       002B9E
__end_of_io_get_battery_status_from_GPIO    text40       003764
__end_of_io_get_cautin_temperature_from_ADC text37       003470
__end_of_io_get_setpoint_from_ENCODER       text36       0037D2
__end_of_io_init                            text35       0035DE
__end_of_io_set_cautin_duty_cycle_PWM       text34       0037F4
__end_of_isr                                intcodelo    00003E
__end_of_labs                               text19       00335C
__end_of_main                               text0        002846
__end_of_memcpy                             text18       003510
__end_of_pad                                text13       003278
__end_of_pid_execute                        text31       0021E8
__end_of_pid_get_setpoint                   text30       0037C0
__end_of_pid_init                           text29       0037FE
__end_of_pid_set_setpoint                   text28       0037AE
__end_of_putch                              text17       0037FA
__end_of_read_prec_or_width                 text9        00313C
__end_of_screen_init                        text27       0037FC
__end_of_screen_set_battery_status          text26       0037EC
__end_of_screen_set_temperature_cautin      text25       00379C
__end_of_screen_set_temperature_setpoint    text24       00378A
__end_of_snprintf                           text6        002CA4
__end_of_software_uart_init                 text5        0037DC
__end_of_software_uart_print_char           text4        0034C0
__end_of_software_uart_print_string         text3        0036BC
__end_of_strcpy                             text12       00361E
__end_of_strlen                             text14       00368C
__end_of_systimer_get_ms                    text2        00370A
__end_of_systimer_init                      text1        003750
__end_of_vfpfcnvrt                          text8        002474
__end_of_vfprintf                           text7        0033BE
__initialization                            cinit        003278
__mediumconst                               mediumconst  000000
__ms                                        bssBANK0     0000E1
__pbssBANK0                                 bssBANK0     0000C9
__pbssBANK1                                 bssBANK1     000100
__pbssCOMRAM                                bssCOMRAM    000058
__pcinit                                    cinit        003278
__pcstackBANK0                              cstackBANK0  000060
__pcstackBANK1                              cstackBANK1  000154
__pcstackCOMRAM                             cstackCOMRAM 000001
__pdataBANK0                                dataBANK0    0000F6
__pdataBANK1                                dataBANK1    000197
__pdataCOMRAM                               dataCOMRAM   00005B
__pidataBANK0                               idataBANK0   0037DC
__pidataBANK1                               idataBANK1   0037F4
__pidataCOMRAM                              idataCOMRAM  0037FE
__pintcodelo                                intcodelo    000018
__psmallconst                               smallconst   000800
__ptext0                                    text0        002686
__ptext1                                    text1        003730
__ptext10                                   text10       00370A
__ptext11                                   text11       000838
__ptext12                                   text12       0035DE
__ptext13                                   text13       0031E6
__ptext14                                   text14       003656
__ptext15                                   text15       003556
__ptext16                                   text16       002FAC
__ptext17                                   text17       0037F8
__ptext18                                   text18       0034C0
__ptext19                                   text19       0032F6
__ptext2                                    text2        0036E4
__ptext20                                   text20       002474
__ptext21                                   text21       002EAE
__ptext22                                   text22       00361E
__ptext23                                   text23       00313C
__ptext24                                   text24       003778
__ptext25                                   text25       00378A
__ptext26                                   text26       0037E4
__ptext27                                   text27       0037FA
__ptext28                                   text28       00379C
__ptext29                                   text29       0037FC
__ptext3                                    text3        00368C
__ptext30                                   text30       0037AE
__ptext31                                   text31       001EC4
__ptext32                                   text32       002CA4
__ptext33                                   text33       001B2A
__ptext34                                   text34       0037EC
__ptext35                                   text35       00359A
__ptext36                                   text36       0037C0
__ptext37                                   text37       003418
__ptext38                                   text38       002846
__ptext39                                   text39       001700
__ptext4                                    text4        003470
__ptext40                                   text40       003750
__ptext41                                   text41       0029FA
__ptext42                                   text42       003510
__ptext43                                   text43       001240
__ptext44                                   text44       002DAA
__ptext45                                   text45       003764
__ptext47                                   text47       0033BE
__ptext48                                   text48       0036BC
__ptext5                                    text5        0037D2
__ptext6                                    text6        002B9E
__ptext7                                    text7        00335C
__ptext8                                    text8        0021E8
__ptext9                                    text9        003076
__ramtop                                    ramtop       000800
__smallconst                                smallconst   000800
_battery_status                             bssCOMRAM    00005A
_counter                                    bssCOMRAM    000058
_dbuf                                       bssBANK1     000104
_duty                                       bssCOMRAM    000059
_efgtoa                                     text11       000838
_efgtoa$1677                                cstackBANK0  00006D
_ek1                                        bssBANK0     0000D9
_ek2                                        bssBANK0     0000D5
_errno                                      bssBANK0     0000F3
_flags                                      bssBANK0     0000F5
_floorf                                     text20       002474
_fputc                                      text16       002FAC
_fputs                                      text15       003556
_io_encoder_button_is_pressed               text45       003764
_io_encoder_loop                            text41       0029FA
_io_encoder_loop$1061                       cstackCOMRAM 000054
_io_encoder_loop$1063                       cstackCOMRAM 000055
_io_get_battery_status_from_GPIO            text40       003750
_io_get_cautin_temperature_from_ADC         text37       003418
_io_get_setpoint_from_ENCODER               text36       0037C0
_io_init                                    text35       00359A
_io_set_cautin_duty_cycle_PWM               text34       0037EC
_isr                                        intcodelo    000018
_labs                                       text19       0032F6
_main                                       text0        002686
_memcpy                                     text18       0034C0
_nout                                       bssBANK0     0000ED
_pad                                        text13       0031E6
_pid_execute                                text31       001EC4
_pid_execute$2022                           cstackBANK0  000060
_pid_execute$2023                           cstackBANK0  000064
_pid_execute$2024                           cstackBANK0  000068
_pid_execute$2025                           cstackBANK0  00006C
_pid_execute$2026                           cstackBANK0  000070
_pid_execute$2027                           cstackBANK0  000074
_pid_get_setpoint                           text30       0037AE
_pid_init                                   text29       0037FC
_pid_set_setpoint                           text28       00379C
_prec                                       bssBANK0     0000F1
_prevBA                                     dataCOMRAM   00005B
_putch                                      text17       0037F8
_read_prec_or_width                         text9        003076
_screen_init                                text27       0037FA
_screen_set_battery_status                  text26       0037E4
_screen_set_temperature_cautin              text25       00378A
_screen_set_temperature_setpoint            text24       003778
_setpoint                                   bssBANK0     0000DD
_setpoint@pid$F1083                         dataBANK0    0000FA
_snprintf                                   text6        002B9E
_snprintf$1578                              cstackBANK0  0000B7
_software_uart_init                         text5        0037D2
_software_uart_print_char                   text4        003470
_software_uart_print_string                 text3        00368C
_strcpy                                     text12       0035DE
_strlen                                     text14       003656
_systimer_get_ms                            text2        0036E4
_systimer_init                              text1        003730
_temperature_cautin                         bssBANK0     0000E5
_temperature_setpoint                       bssBANK0     0000E9
_uk1                                        bssBANK0     0000D1
_vfpfcnvrt                                  text8        0021E8
_vfprintf                                   text7        00335C
_width                                      bssBANK0     0000EF
btemp                                       temp         00005C
efgtoa@c                                    cstackBANK0  000066
efgtoa@d                                    cstackBANK0  000072
efgtoa@e                                    cstackBANK0  000076
efgtoa@f                                    cstackBANK0  000062
efgtoa@fp                                   cstackBANK0  000060
efgtoa@g                                    cstackBANK0  000089
efgtoa@h                                    cstackBANK0  000080
efgtoa@i                                    cstackBANK0  00007E
efgtoa@l                                    cstackBANK0  000084
efgtoa@m                                    cstackBANK0  000074
efgtoa@mode                                 cstackBANK0  000070
efgtoa@n                                    cstackBANK0  00008D
efgtoa@ne                                   cstackBANK0  000067
efgtoa@nmode                                cstackBANK0  000071
efgtoa@ou                                   cstackBANK0  00007A
efgtoa@p                                    cstackBANK0  000069
efgtoa@pp                                   cstackBANK0  00006F
efgtoa@sign                                 cstackBANK0  000088
efgtoa@t                                    cstackBANK0  00006B
efgtoa@u                                    cstackBANK0  00008F
efgtoa@w                                    cstackBANK0  000078
end_of_initialization                       cinit        0032E8
floorf@F526                                 bssBANK0     0000C9
floorf@e                                    cstackCOMRAM 00002B
floorf@m                                    cstackCOMRAM 000027
floorf@u                                    cstackCOMRAM 00002D
floorf@x                                    cstackCOMRAM 00001D
fputc@c                                     cstackCOMRAM 000004
fputc@fp                                    cstackCOMRAM 000006
fputs@c                                     cstackCOMRAM 000011
fputs@fp                                    cstackCOMRAM 00000F
fputs@i                                     cstackCOMRAM 000012
fputs@s                                     cstackCOMRAM 00000D
int$flags                                   temp         00005C
intlevel0                                   text         000000
intlevel1                                   text         000000
intlevel2                                   text         000000
intlevel3                                   text         000000
io_encoder_loop@BA                          cstackCOMRAM 000056
io_encoder_loop@NegEdge_A                   cstackCOMRAM 000052
io_encoder_loop@PosEdge_A                   cstackCOMRAM 000053
io_set_cautin_duty_cycle_PWM@d              cstackCOMRAM 000004
isa$std                                     (abs)        000001
isa$xinst                                   (abs)        000000
labs@a                                      cstackCOMRAM 000004
main@cautin_temperature                     cstackBANK1  000193
main@duty                                   cstackBANK1  000192
main@pid_countMS                            cstackBANK1  00018E
main@screen_countMS                         cstackBANK1  00018A
main@txt                                    cstackBANK1  000158
memcpy@d                                    cstackCOMRAM 00000B
memcpy@d1                                   cstackCOMRAM 000004
memcpy@n                                    cstackCOMRAM 000008
memcpy@s                                    cstackCOMRAM 00000D
memcpy@s1                                   cstackCOMRAM 000006
memcpy@tmp                                  cstackCOMRAM 00000A
pad@buf                                     cstackCOMRAM 000016
pad@fp                                      cstackCOMRAM 000014
pad@i                                       cstackCOMRAM 00001B
pad@p                                       cstackCOMRAM 000018
pad@w                                       cstackCOMRAM 00001D
pid_execute@ek                              cstackBANK0  000078
pid_execute@sensor                          cstackCOMRAM 000052
pid_execute@uk                              cstackBANK0  00007C
pid_set_setpoint@s                          cstackCOMRAM 000008
read_prec_or_width@ap                       cstackCOMRAM 00000C
read_prec_or_width@c                        cstackCOMRAM 000010
read_prec_or_width@fmt                      cstackCOMRAM 00000A
read_prec_or_width@n                        cstackCOMRAM 000011
screen_set_battery_status@status            cstackCOMRAM 000004
screen_set_temperature_cautin@f             cstackCOMRAM 00004A
screen_set_temperature_setpoint@f           cstackCOMRAM 000008
snprintf@ap                                 cstackBANK0  0000B9
snprintf@cnt                                cstackBANK0  0000BB
snprintf@f                                  cstackBANK0  0000BD
snprintf@fmt                                cstackBANK0  0000AA
snprintf@n                                  cstackBANK0  0000A8
snprintf@s                                  cstackBANK0  0000A6
software_uart_print_char@bits               cstackCOMRAM 000005
software_uart_print_char@c                  cstackCOMRAM 000004
software_uart_print_string@str              cstackCOMRAM 000006
stackhi                                     (abs)        000000
stacklo                                     (abs)        000000
start                                       init         00003E
start_initialization                        cinit        003278
strcpy@d                                    cstackCOMRAM 00000A
strcpy@dest                                 cstackCOMRAM 000004
strcpy@s                                    cstackCOMRAM 000008
strcpy@src                                  cstackCOMRAM 000006
strlen@a                                    cstackCOMRAM 000006
strlen@s                                    cstackCOMRAM 000004
systimer_get_ms@ms                          cstackCOMRAM 000008
ttemp5                                      temp         00005D
ttemp6                                      temp         000060
ttemp7                                      temp         000064
vfpfcnvrt@ap                                cstackBANK0  000097
vfpfcnvrt@c                                 cstackBANK0  00009D
vfpfcnvrt@convarg                           cstackBANK0  000099
vfpfcnvrt@cp                                cstackBANK0  00009E
vfpfcnvrt@fmt                               cstackBANK0  000095
vfpfcnvrt@fp                                cstackBANK0  000093
vfprintf@ap                                 cstackBANK0  0000A4
vfprintf@cfmt                               cstackCOMRAM 000056
vfprintf@fmt                                cstackBANK0  0000A2
vfprintf@fp                                 cstackBANK0  0000A0
wtemp8                                      temp         00005D


MODULE INFORMATION

Module		Function		Class		Link	Load	Size
C:\Program Files\Microchip\xc8\v2.41\pic\sources\c99\common\__fpclassifyf.c
		___fpclassifyf 		CODE           	2EAE	0000	254

C:\Program Files\Microchip\xc8\v2.41\pic\sources\c99\common\__fpclassifyf.c estimated size: 254

C:\Program Files\Microchip\xc8\v2.41\pic\sources\c99\common\floorf.c
		_floorf        		CODE           	2474	0000	530

C:\Program Files\Microchip\xc8\v2.41\pic\sources\c99\common\floorf.c estimated size: 530

C:\Program Files\Microchip\xc8\v2.41\pic\sources\c99\common\flge.c
		___flge        		CODE           	2DAA	0000	260

C:\Program Files\Microchip\xc8\v2.41\pic\sources\c99\common\flge.c estimated size: 260

interrupt_isr.c
		_isr           		CODE           	0018	0000	38

interrupt_isr.c estimated size: 38

input_output.c
		_io_set_cautin_duty_cycle_PWM		CODE           	37EC	0000	8
		_io_get_cautin_temperature_from_ADC		CODE           	3418	0000	88
		_io_encoder_loop		CODE           	29FA	0000	420
		_io_init       		CODE           	359A	0000	68
		_io_get_setpoint_from_ENCODER		CODE           	37C0	0000	18
		_io_get_battery_status_from_GPIO		CODE           	3750	0000	20
		_ISR_TIMER_1   		CODE           	33BE	0000	90
		_io_encoder_button_is_pressed		CODE           	3764	0000	20

input_output.c estimated size: 732

C:\Program Files\Microchip\xc8\v2.41\pic\sources\c99\common\fltol.c
		___fltol       		CODE           	2CA4	0000	262

C:\Program Files\Microchip\xc8\v2.41\pic\sources\c99\common\fltol.c estimated size: 262

C:\Program Files\Microchip\xc8\v2.41\pic\sources\c99\common\xxtofl.c
		___xxtofl      		CODE           	2846	0000	436

C:\Program Files\Microchip\xc8\v2.41\pic\sources\c99\common\xxtofl.c estimated size: 436

C:\Program Files\Microchip\xc8\v2.41\pic\sources\c99\common\strlen.c
		_strlen        		CODE           	3656	0000	54

C:\Program Files\Microchip\xc8\v2.41\pic\sources\c99\common\strlen.c estimated size: 54

C:\Program Files\Microchip\xc8\v2.41\pic\sources\c99\common\nf_fputc.c
		_fputc         		CODE           	2FAC	0000	202

C:\Program Files\Microchip\xc8\v2.41\pic\sources\c99\common\nf_fputc.c estimated size: 202

C:\Program Files\Microchip\xc8\v2.41\pic\sources\c99\common\strcpy.c
		_strcpy        		CODE           	35DE	0000	64

C:\Program Files\Microchip\xc8\v2.41\pic\sources\c99\common\strcpy.c estimated size: 64

C:\Program Files\Microchip\xc8\v2.41\pic\sources\c99\common\sprcadd.c
		___flsub       		CODE           	3510	0000	70
		___fladd       		CODE           	1240	0000	1216

C:\Program Files\Microchip\xc8\v2.41\pic\sources\c99\common\sprcadd.c estimated size: 1286

screen.c
		_screen_set_temperature_setpoint		CODE           	3778	0000	18
		_screen_init   		CODE           	37FA	0000	2
		_screen_set_battery_status		CODE           	37E4	0000	8
		_screen_set_temperature_cautin		CODE           	378A	0000	18

screen.c estimated size: 46

software_uart.c
		_software_uart_init		CODE           	37D2	0000	10
		_software_uart_print_string		CODE           	368C	0000	48
		_software_uart_print_char		CODE           	3470	0000	80

software_uart.c estimated size: 138

C:\Program Files\Microchip\xc8\v2.41\pic\sources\c99\common\doprnt.c
		_read_prec_or_width		CODE           	3076	0000	198
		_vfpfcnvrt     		CODE           	21E8	0000	652
		_efgtoa        		CODE           	0838	0000	2568
		_pad           		CODE           	31E6	0000	146
		_vfprintf      		CODE           	335C	0000	98

C:\Program Files\Microchip\xc8\v2.41\pic\sources\c99\common\doprnt.c estimated size: 3662

C:\Program Files\Microchip\xc8\v2.41\pic\sources\c99\common\flneg.c
		___flneg       		CODE           	361E	0000	56

C:\Program Files\Microchip\xc8\v2.41\pic\sources\c99\common\flneg.c estimated size: 56

systimer.c
		_systimer_init 		CODE           	3730	0000	32
		_systimer_get_ms		CODE           	36E4	0000	38
		_ISR_TIMER_0   		CODE           	36BC	0000	40

systimer.c estimated size: 110

C:\Program Files\Microchip\xc8\v2.41\pic\sources\c99\common\fleq.c
		___fleq        		CODE           	313C	0000	170

C:\Program Files\Microchip\xc8\v2.41\pic\sources\c99\common\fleq.c estimated size: 170

shared
		_bittime_us    		SMALLCONST     	0000	0000	0
		__initialization		CODE           	3278	0000	112
		_bit_lenght    		SMALLCONST     	0000	0000	0

shared estimated size: 112

C:\Program Files\Microchip\xc8\v2.41\pic\sources\c99\common\memcpy.c
		_memcpy        		CODE           	34C0	0000	80

C:\Program Files\Microchip\xc8\v2.41\pic\sources\c99\common\memcpy.c estimated size: 80

C:\Program Files\Microchip\xc8\v2.41\pic\sources\c99\common\Umul16.c
		___wmul        		CODE           	370A	0000	38

C:\Program Files\Microchip\xc8\v2.41\pic\sources\c99\common\Umul16.c estimated size: 38

C:\Program Files\Microchip\xc8\v2.41\pic\sources\c99\common\putch.c
		_putch         		CODE           	37F8	0000	2

C:\Program Files\Microchip\xc8\v2.41\pic\sources\c99\common\putch.c estimated size: 2

C:\Program Files\Microchip\xc8\v2.41\pic\sources\c99\common\nf_fputs.c
		_fputs         		CODE           	3556	0000	68

C:\Program Files\Microchip\xc8\v2.41\pic\sources\c99\common\nf_fputs.c estimated size: 68

C:\Program Files\Microchip\xc8\v2.41\pic\sources\c99\common\labs.c
		_labs          		CODE           	32F6	0000	102

C:\Program Files\Microchip\xc8\v2.41\pic\sources\c99\common\labs.c estimated size: 102

main.c
		_main          		CODE           	2686	0000	448

main.c estimated size: 448

pid.c
		_pid_init      		CODE           	37FC	0000	2
		_pid_execute   		CODE           	1EC4	0000	804
		_pid_get_setpoint		CODE           	37AE	0000	18
		_pid_set_setpoint		CODE           	379C	0000	18

pid.c estimated size: 842

C:\Program Files\Microchip\xc8\v2.41\pic\sources\c99\common\sprcmul.c
		___flmul       		CODE           	1700	0000	1066

C:\Program Files\Microchip\xc8\v2.41\pic\sources\c99\common\sprcmul.c estimated size: 1066

C:\Program Files\Microchip\xc8\v2.41\pic\sources\c99\common\sprcdiv.c
		___fldiv       		CODE           	1B2A	0000	922

C:\Program Files\Microchip\xc8\v2.41\pic\sources\c99\common\sprcdiv.c estimated size: 922

C:\Program Files\Microchip\xc8\v2.41\pic\sources\c99\common\nf_snprintf.c
		_snprintf      		CODE           	2B9E	0000	262

C:\Program Files\Microchip\xc8\v2.41\pic\sources\c99\common\nf_snprintf.c estimated size: 262

